// Jest Snapshot v1, https://goo.gl/fbAQLP

exports[`Site renders Site renders correct 1`] = `
<Fragment>
  <NavBar
    brand="askMorgan"
  >
    <ButtonSuccess
      onClick={[Function]}
    >
      Login
    </ButtonSuccess>
  </NavBar>
</Fragment>
`;

exports[`Site renders Site renders correct 2`] = `
<Row>
  <Column
    width={3}
  >
    <SideMenu
      header="Menu"
      items={
        [
          {
            "label": "Questions",
            "to": "/questions",
          },
          {
            "label": "My Questions",
            "to": "myquestions",
          },
          {
            "label": "My Favourite Answers",
            "to": "favourites",
          },
          {
            "label": "New Question",
            "to": "createquestion",
          },
          {
            "label": "Tags",
            "to": "/tags",
          },
        ]
      }
    />
  </Column>
  <Column>
    <Card
      title=""
    >
      <h3>
        Welcome!
      </h3>
      <h6>
        At 
        <b>
          askMorgan
        </b>
        , every question counts. 
        <br />
         Get answers, gain knowledge, and join our community of learners.
      </h6>
      <br />
      <h6>
        What would you like to know?
      </h6>
      <img
        height="50%"
        src="https://scontent.xx.fbcdn.net/v/t1.15752-9/363534368_210845998630767_4305768850138656455_n.jpg?_nc_cat=100&ccb=1-7&_nc_sid=510075&_nc_ohc=W06aoFJdp0EAX_ECDQp&_nc_ht=scontent.xx&oh=03_AdRfgzRf_DqEK2Ff3HU-osJWu5NMu4QuuGA5PJfyQbFQRg&oe=657C122A"
        width="50%"
      />
    </Card>
  </Column>
</Row>
`;
